// Jest Snapshot v1, https://goo.gl/fbAQLP

exports[`<App /> renders correctly 1`] = `
Array [
  <span
    className="MuiSkeleton-root MuiSkeleton-rect MuiSkeleton-wave"
    style={
      Object {
        "height": 512,
        "width": 1024,
      }
    }
  />,
  <span
    className="MuiSkeleton-root MuiSkeleton-rect MuiSkeleton-wave"
    style={
      Object {
        "height": 512,
        "width": 1024,
      }
    }
  />,
  <hr
    className="MuiDivider-root"
  />,
  <div
    className="MuiGrid-root MuiGrid-container MuiGrid-align-items-xs-center MuiGrid-justify-xs-space-evenly"
  >
    <div
      className="MuiGrid-root MuiGrid-item"
    >
      <span
        className="MuiSkeleton-root MuiSkeleton-text MuiSkeleton-wave"
        style={
          Object {
            "height": undefined,
            "width": undefined,
          }
        }
      />
      <span
        className="MuiSkeleton-root MuiSkeleton-text MuiSkeleton-wave"
        style={
          Object {
            "height": undefined,
            "width": undefined,
          }
        }
      />
      <span
        className="MuiSkeleton-root MuiSkeleton-circle MuiSkeleton-wave"
        style={
          Object {
            "height": 48,
            "width": 48,
          }
        }
      />
      <span
        className="MuiSkeleton-root MuiSkeleton-text MuiSkeleton-wave"
        style={
          Object {
            "height": undefined,
            "width": undefined,
          }
        }
      />
      <span
        className="MuiSkeleton-root MuiSkeleton-text MuiSkeleton-wave"
        style={
          Object {
            "height": undefined,
            "width": undefined,
          }
        }
      />
      <span
        className="MuiSkeleton-root MuiSkeleton-text MuiSkeleton-wave"
        style={
          Object {
            "height": undefined,
            "width": undefined,
          }
        }
      />
      <span
        className="MuiSkeleton-root MuiSkeleton-text MuiSkeleton-wave"
        style={
          Object {
            "height": undefined,
            "width": undefined,
          }
        }
      />
      <span
        className="MuiSkeleton-root MuiSkeleton-text MuiSkeleton-wave"
        style={
          Object {
            "height": undefined,
            "width": undefined,
          }
        }
      />
      <span
        className="MuiSkeleton-root MuiSkeleton-text MuiSkeleton-wave"
        style={
          Object {
            "height": undefined,
            "width": undefined,
          }
        }
      />
    </div>
    <div
      className="MuiGrid-root MuiGrid-item"
    >
      <span
        className="MuiSkeleton-root MuiSkeleton-text MuiSkeleton-wave"
        style={
          Object {
            "height": undefined,
            "width": undefined,
          }
        }
      />
      <span
        className="MuiSkeleton-root MuiSkeleton-text MuiSkeleton-wave"
        style={
          Object {
            "height": undefined,
            "width": undefined,
          }
        }
      />
      <span
        className="MuiSkeleton-root MuiSkeleton-circle MuiSkeleton-wave"
        style={
          Object {
            "height": 48,
            "width": 48,
          }
        }
      />
      <span
        className="MuiSkeleton-root MuiSkeleton-text MuiSkeleton-wave"
        style={
          Object {
            "height": undefined,
            "width": undefined,
          }
        }
      />
      <span
        className="MuiSkeleton-root MuiSkeleton-text MuiSkeleton-wave"
        style={
          Object {
            "height": undefined,
            "width": undefined,
          }
        }
      />
      <span
        className="MuiSkeleton-root MuiSkeleton-text MuiSkeleton-wave"
        style={
          Object {
            "height": undefined,
            "width": undefined,
          }
        }
      />
      <span
        className="MuiSkeleton-root MuiSkeleton-text MuiSkeleton-wave"
        style={
          Object {
            "height": undefined,
            "width": undefined,
          }
        }
      />
      <span
        className="MuiSkeleton-root MuiSkeleton-text MuiSkeleton-wave"
        style={
          Object {
            "height": undefined,
            "width": undefined,
          }
        }
      />
      <span
        className="MuiSkeleton-root MuiSkeleton-text MuiSkeleton-wave"
        style={
          Object {
            "height": undefined,
            "width": undefined,
          }
        }
      />
    </div>
    <div
      className="MuiGrid-root MuiGrid-item"
    >
      <span
        className="MuiSkeleton-root MuiSkeleton-text MuiSkeleton-wave"
        style={
          Object {
            "height": undefined,
            "width": undefined,
          }
        }
      />
      <span
        className="MuiSkeleton-root MuiSkeleton-text MuiSkeleton-wave"
        style={
          Object {
            "height": undefined,
            "width": undefined,
          }
        }
      />
      <span
        className="MuiSkeleton-root MuiSkeleton-circle MuiSkeleton-wave"
        style={
          Object {
            "height": 48,
            "width": 48,
          }
        }
      />
      <span
        className="MuiSkeleton-root MuiSkeleton-text MuiSkeleton-wave"
        style={
          Object {
            "height": undefined,
            "width": undefined,
          }
        }
      />
      <span
        className="MuiSkeleton-root MuiSkeleton-text MuiSkeleton-wave"
        style={
          Object {
            "height": undefined,
            "width": undefined,
          }
        }
      />
      <span
        className="MuiSkeleton-root MuiSkeleton-text MuiSkeleton-wave"
        style={
          Object {
            "height": undefined,
            "width": undefined,
          }
        }
      />
      <span
        className="MuiSkeleton-root MuiSkeleton-text MuiSkeleton-wave"
        style={
          Object {
            "height": undefined,
            "width": undefined,
          }
        }
      />
      <span
        className="MuiSkeleton-root MuiSkeleton-text MuiSkeleton-wave"
        style={
          Object {
            "height": undefined,
            "width": undefined,
          }
        }
      />
      <span
        className="MuiSkeleton-root MuiSkeleton-text MuiSkeleton-wave"
        style={
          Object {
            "height": undefined,
            "width": undefined,
          }
        }
      />
    </div>
    <div
      className="MuiGrid-root MuiGrid-item"
    >
      <span
        className="MuiSkeleton-root MuiSkeleton-text MuiSkeleton-wave"
        style={
          Object {
            "height": undefined,
            "width": undefined,
          }
        }
      />
      <span
        className="MuiSkeleton-root MuiSkeleton-text MuiSkeleton-wave"
        style={
          Object {
            "height": undefined,
            "width": undefined,
          }
        }
      />
      <span
        className="MuiSkeleton-root MuiSkeleton-circle MuiSkeleton-wave"
        style={
          Object {
            "height": 48,
            "width": 48,
          }
        }
      />
      <span
        className="MuiSkeleton-root MuiSkeleton-text MuiSkeleton-wave"
        style={
          Object {
            "height": undefined,
            "width": undefined,
          }
        }
      />
      <span
        className="MuiSkeleton-root MuiSkeleton-text MuiSkeleton-wave"
        style={
          Object {
            "height": undefined,
            "width": undefined,
          }
        }
      />
      <span
        className="MuiSkeleton-root MuiSkeleton-text MuiSkeleton-wave"
        style={
          Object {
            "height": undefined,
            "width": undefined,
          }
        }
      />
      <span
        className="MuiSkeleton-root MuiSkeleton-text MuiSkeleton-wave"
        style={
          Object {
            "height": undefined,
            "width": undefined,
          }
        }
      />
      <span
        className="MuiSkeleton-root MuiSkeleton-text MuiSkeleton-wave"
        style={
          Object {
            "height": undefined,
            "width": undefined,
          }
        }
      />
      <span
        className="MuiSkeleton-root MuiSkeleton-text MuiSkeleton-wave"
        style={
          Object {
            "height": undefined,
            "width": undefined,
          }
        }
      />
    </div>
  </div>,
  <hr
    className="MuiDivider-root"
  />,
  <div
    className="MuiGrid-root MuiGrid-container MuiGrid-align-items-xs-center MuiGrid-justify-xs-space-between"
  >
    <div
      className="MuiGrid-root MuiGrid-item MuiGrid-grid-xs-7"
    />
    <button
      aria-describedby={null}
      className="MuiButtonBase-root MuiIconButton-root makeStyles-container-1 MuiIconButton-sizeSmall"
      disabled={false}
      onBlur={[Function]}
      onClick={[Function]}
      onDragLeave={[Function]}
      onFocus={[Function]}
      onKeyDown={[Function]}
      onKeyUp={[Function]}
      onMouseDown={[Function]}
      onMouseLeave={[Function]}
      onMouseOver={[Function]}
      onMouseUp={[Function]}
      onTouchEnd={[Function]}
      onTouchMove={[Function]}
      onTouchStart={[Function]}
      tabIndex={0}
      title="Settings"
      type="button"
    >
      <span
        className="MuiIconButton-label"
      >
        <svg
          aria-hidden={true}
          className="MuiSvgIcon-root"
          focusable="false"
          viewBox="0 0 24 24"
        >
          <path
            d="M19.14 12.94c.04-.3.06-.61.06-.94 0-.32-.02-.64-.07-.94l2.03-1.58c.18-.14.23-.41.12-.61l-1.92-3.32c-.12-.22-.37-.29-.59-.22l-2.39.96c-.5-.38-1.03-.7-1.62-.94l-.36-2.54c-.04-.24-.24-.41-.48-.41h-3.84c-.24 0-.43.17-.47.41l-.36 2.54c-.59.24-1.13.57-1.62.94l-2.39-.96c-.22-.08-.47 0-.59.22L2.74 8.87c-.12.21-.08.47.12.61l2.03 1.58c-.05.3-.09.63-.09.94s.02.64.07.94l-2.03 1.58c-.18.14-.23.41-.12.61l1.92 3.32c.12.22.37.29.59.22l2.39-.96c.5.38 1.03.7 1.62.94l.36 2.54c.05.24.24.41.48.41h3.84c.24 0 .44-.17.47-.41l.36-2.54c.59-.24 1.13-.56 1.62-.94l2.39.96c.22.08.47 0 .59-.22l1.92-3.32c.12-.22.07-.47-.12-.61l-2.01-1.58zM12 15.6c-1.98 0-3.6-1.62-3.6-3.6s1.62-3.6 3.6-3.6 3.6 1.62 3.6 3.6-1.62 3.6-3.6 3.6z"
          />
        </svg>
      </span>
      <span
        className="MuiTouchRipple-root"
      />
    </button>
    <button
      aria-describedby={null}
      className="MuiButtonBase-root MuiIconButton-root makeStyles-container-2 MuiIconButton-sizeSmall"
      disabled={false}
      onBlur={[Function]}
      onClick={[Function]}
      onDragLeave={[Function]}
      onFocus={[Function]}
      onKeyDown={[Function]}
      onKeyUp={[Function]}
      onMouseDown={[Function]}
      onMouseLeave={[Function]}
      onMouseOver={[Function]}
      onMouseUp={[Function]}
      onTouchEnd={[Function]}
      onTouchMove={[Function]}
      onTouchStart={[Function]}
      tabIndex={0}
      title="Photo by  / Unsplash"
      type="button"
    >
      <span
        className="MuiIconButton-label"
      >
        <svg
          aria-hidden={true}
          className="MuiSvgIcon-root"
          focusable="false"
          viewBox="0 0 24 24"
        >
          <path
            d="M11 7h2v2h-2zm0 4h2v6h-2zm1-9C6.48 2 2 6.48 2 12s4.48 10 10 10 10-4.48 10-10S17.52 2 12 2zm0 18c-4.41 0-8-3.59-8-8s3.59-8 8-8 8 3.59 8 8-3.59 8-8 8z"
          />
        </svg>
      </span>
      <span
        className="MuiTouchRipple-root"
      />
    </button>
    <button
      aria-describedby={null}
      className="MuiButtonBase-root MuiIconButton-root makeStyles-container-3 MuiIconButton-sizeSmall"
      disabled={false}
      onBlur={[Function]}
      onClick={[Function]}
      onDragLeave={[Function]}
      onFocus={[Function]}
      onKeyDown={[Function]}
      onKeyUp={[Function]}
      onMouseDown={[Function]}
      onMouseLeave={[Function]}
      onMouseOver={[Function]}
      onMouseUp={[Function]}
      onTouchEnd={[Function]}
      onTouchMove={[Function]}
      onTouchStart={[Function]}
      tabIndex={0}
      title="Refresh"
      type="button"
    >
      <span
        className="MuiIconButton-label"
      >
        <svg
          aria-hidden={true}
          className="MuiSvgIcon-root"
          focusable="false"
          viewBox="0 0 24 24"
        >
          <path
            d="M17.65 6.35C16.2 4.9 14.21 4 12 4c-4.42 0-7.99 3.58-7.99 8s3.57 8 7.99 8c3.73 0 6.84-2.55 7.73-6h-2.08c-.82 2.33-3.04 4-5.65 4-3.31 0-6-2.69-6-6s2.69-6 6-6c1.66 0 3.14.69 4.22 1.78L13 11h7V4l-2.35 2.35z"
          />
        </svg>
      </span>
      <span
        className="MuiTouchRipple-root"
      />
    </button>
  </div>,
]
`;
